// Jest Snapshot v1, https://goo.gl/fbAQLP

exports[` 1`] = `
<DocumentFragment>
  <footer>
    ðŸ’¡Made with ReactðŸ’¡
  </footer>
</DocumentFragment>
`;
